======================================================================
THESIS ANALYSIS - Fast Version
======================================================================
Loading data...
Loading Boston certificates...
  Loaded 2 records from Boston
Loading Sheffield certificates...
  Loaded 2 records from Sheffield
Loading Cambridge certificates...
  Loaded 2 records from Cambridge
Loading Liverpool certificates...
  Loaded 2 records from Liverpool

Total: 8 certificates from 4 cities
Loading Boston recommendations...
  Loaded 2 recommendations from Boston
Loading Sheffield recommendations...
  Loaded 2 recommendations from Sheffield
Loading Cambridge recommendations...
  Loaded 2 recommendations from Cambridge
Loading Liverpool recommendations...
  Loaded 2 recommendations from Liverpool

Total: 8 recommendations
Preprocessing...
Traceback (most recent call last):
  File "/root/.pyenv/versions/3.10.19/lib/python3.10/site-packages/pandas/core/indexes/base.py", line 3812, in get_loc
    return self._engine.get_loc(casted_key)
  File "pandas/_libs/index.pyx", line 167, in pandas._libs.index.IndexEngine.get_loc
  File "pandas/_libs/index.pyx", line 196, in pandas._libs.index.IndexEngine.get_loc
  File "pandas/_libs/hashtable_class_helper.pxi", line 7088, in pandas._libs.hashtable.PyObjectHashTable.get_item
  File "pandas/_libs/hashtable_class_helper.pxi", line 7096, in pandas._libs.hashtable.PyObjectHashTable.get_item
KeyError: 'POSTCODE'

The above exception was the direct cause of the following exception:

Traceback (most recent call last):
  File "/workspace/inverse-engineering-/src/analysis/thesis_analysis_fast.py", line 689, in <module>
    main()
  File "/workspace/inverse-engineering-/src/analysis/thesis_analysis_fast.py", line 655, in main
    certs_df, recs_df, processed_df, train_df, test_df, preprocessor = load_data_fast()
  File "/workspace/inverse-engineering-/src/analysis/thesis_analysis_fast.py", line 77, in load_data_fast
    train_df, test_df = create_train_test_split(processed_df, test_size=0.2, random_state=42)
  File "/workspace/inverse-engineering-/src/retrofit_dss/data/preprocessor.py", line 453, in create_train_test_split
    df['_postcode_sector'] = df[postcode_column].apply(get_sector)
  File "/root/.pyenv/versions/3.10.19/lib/python3.10/site-packages/pandas/core/frame.py", line 4113, in __getitem__
    indexer = self.columns.get_loc(key)
  File "/root/.pyenv/versions/3.10.19/lib/python3.10/site-packages/pandas/core/indexes/base.py", line 3819, in get_loc
    raise KeyError(key) from err
KeyError: 'POSTCODE'
