============================================================
Retrofit DSS - Model Training Pipeline
============================================================

[1/6] Loading EPC data from all cities...
----------------------------------------
Found cities: ['Boston', 'Sheffield', 'Cambridge', 'Liverpool']
Loading Boston certificates...
  Loaded 2 records from Boston
Loading Sheffield certificates...
  Loaded 2 records from Sheffield
Loading Cambridge certificates...
  Loaded 2 records from Cambridge
Loading Liverpool certificates...
  Loaded 2 records from Liverpool

Total: 8 certificates from 4 cities
Loading Boston recommendations...
  Loaded 2 recommendations from Boston
Loading Sheffield recommendations...
  Loaded 2 recommendations from Sheffield
Loading Cambridge recommendations...
  Loaded 2 recommendations from Cambridge
Loading Liverpool recommendations...
  Loaded 2 recommendations from Liverpool

Total: 8 recommendations

[2/6] Preprocessing data...
----------------------------------------
Total records: 8
Feature columns: 5

[3/6] Creating train/test split (by postcode)...
----------------------------------------
Traceback (most recent call last):
  File "/root/.pyenv/versions/3.10.19/lib/python3.10/site-packages/pandas/core/indexes/base.py", line 3812, in get_loc
    return self._engine.get_loc(casted_key)
  File "pandas/_libs/index.pyx", line 167, in pandas._libs.index.IndexEngine.get_loc
  File "pandas/_libs/index.pyx", line 196, in pandas._libs.index.IndexEngine.get_loc
  File "pandas/_libs/hashtable_class_helper.pxi", line 7088, in pandas._libs.hashtable.PyObjectHashTable.get_item
  File "pandas/_libs/hashtable_class_helper.pxi", line 7096, in pandas._libs.hashtable.PyObjectHashTable.get_item
KeyError: 'POSTCODE'

The above exception was the direct cause of the following exception:

Traceback (most recent call last):
  File "/workspace/inverse-engineering-/src/train.py", line 207, in <module>
    main(args.data_dir, args.model_dir, args.sample_size)
  File "/workspace/inverse-engineering-/src/train.py", line 77, in main
    train_df, test_df = create_train_test_split(
  File "/workspace/inverse-engineering-/src/retrofit_dss/data/preprocessor.py", line 453, in create_train_test_split
    df['_postcode_sector'] = df[postcode_column].apply(get_sector)
  File "/root/.pyenv/versions/3.10.19/lib/python3.10/site-packages/pandas/core/frame.py", line 4113, in __getitem__
    indexer = self.columns.get_loc(key)
  File "/root/.pyenv/versions/3.10.19/lib/python3.10/site-packages/pandas/core/indexes/base.py", line 3819, in get_loc
    raise KeyError(key) from err
KeyError: 'POSTCODE'
